# The release plans over named snapshots (release/plan_golden_test.go).

## PlanLeg — the trunk
door2/read error
  refuse G4: get order 11: disk I/O error
pair/read error
  refuse G4: get order evac (11): disk I/O error
sweep/read error
  refuse G4: node SYN-PRESS (evac): get order: disk I/O error
    log std: release changeover wait node SYN-PRESS (evac): get order: disk I/O error
door2/queued
  refuse G1: order 11 is queued, which Core will not release — no empty slot at SMN_029 (no_slot)
pair/queued
  skip G1: not-releasable
    log engine: deferred release: order evac (11) status="queued" is not releasable at Core (needs staged or in_transit) — skipping, will release when it stages
pair/confirmed
  skip G1: terminal
    log engine: deferred release: order evac (11) status="confirmed" is terminal — skipping
sweep/dispatched
  skip G1: not-releasable
    log std: release changeover wait node SYN-PRESS (evac): order 11 status="dispatched" not releasable at Core — counting pending
sweep/cancelled
  skip G1: terminal
door2/curtain live
  go lineside flip=false finalize=false suppress=false u1=false
sweep/curtain live
  go lineside flip=false finalize=false suppress=false u1=false
door2/no process node
  go plain flip=false finalize=false suppress=false u1=false
door2/node unreadable
  refuse G4: get process node 5: disk I/O error
door2/pull state unreadable
  refuse G5: node SYN-PRESS: could not read whether the line is pulling from it (disk I/O error)
    log std: release order 11 at node SYN-PRESS: disk I/O error — declining rather than releasing on an unread pull state
door2/runtime unreadable
  refuse G4: ensure runtime for node 5: disk I/O error
door2/drop, departing check unreadable
  refuse G4: departing-bin check: order 11: load steps: disk I/O error
    log release: order=11 node=Press 1 — refusing release: departing-bin check: order 11: load steps: disk I/O error
door2/drop of a produce bin
  go drop flip=false finalize=true suppress=false u1=false
door2/no claim
  go no-claim flip=false finalize=false suppress=false u1=false
    log release: order 11 on node Press 1 — toClaim is nil (runtime.ActiveClaimID=<nil>), skipping manifest sync; disposition "capture_lineside" dropped
door2/no claim, partner blocked
  refuse G5: cannot release SYN-A yet: the line's parts would land on the carrier still on SYN-B: SYN-B has no bin on it
    log release: order 11 on node Press 1 — toClaim is nil (runtime.ActiveClaimID=<nil>), skipping manifest sync; disposition "capture_lineside" dropped
door2/supply unclassifiable
  refuse G4: supply-leg check: order 11: no steps stored
    log release: order=11 node=Press 1 disposition="capture_lineside" — refusing release: supply-leg check: order 11: no steps stored
door2/departing check unreadable
  refuse G4: departing-bin check: node Press 1: read claim 7: disk I/O error
    log release: order=11 node=Press 1 — refusing release: departing-bin check: node Press 1: read claim 7: disk I/O error
door2/lineside evac
  go lineside flip=false finalize=false suppress=false u1=false
pair/lineside supply
  go lineside flip=false finalize=false suppress=true u1=false
door2/produce evac, bin full
  go produce flip=false finalize=true suppress=false u1=true
door2/produce supply
  go produce flip=false finalize=false suppress=true u1=false
door2/produce, consume-side capture mode absent
  go produce flip=false finalize=false suppress=false u1=false
door2/sequential, flip to a ready partner
  go lineside flip=true finalize=false suppress=false u1=false
door2/sequential, partner has no bin (count waits)
  go lineside flip=true finalize=false suppress=false u1=false
door2/sequential, partner's outgoing carrier bound (L3-co)
  refuse G5: cannot release SYN-A yet: the line's parts would land on the carrier still on SYN-B: SYN-B's changeover order 2 has not delivered (submitted) — release it first
door2/sequential, parked side (own bit off)
  go lineside flip=false finalize=false suppress=false u1=false
door2/sequential, runtime row missing
  refuse G5: node SYN-A: could not read whether the line is pulling from it (%!w(<nil>))
    log std: release at node SYN-A: runtime unreadable (<nil>) — declining rather than releasing on an unread pull state
door2/sequential, partner unresolved
  refuse G5: the line is pulling from SYN-A and its partner could not be resolved: paired node SYN-B not found
sweep/flip refused
  refuse G5: node SYN-PRESS (evac): the line is pulling from SYN-A and its partner could not be resolved: paired node SYN-B not found
    log std: release changeover wait node SYN-PRESS (evac): the line is pulling from SYN-A and its partner could not be resolved: paired node SYN-B not found

## PlanPair — door 1
single-leg changeover task: the changeover act
  route: the changeover act
relay task, single_robot claim (§6.4)
  route: the changeover act
changeover pair, two_robot claim: the pair path
  go finalize=false evac=11 supply=12
    log engine: release-staged node=Press 1 resolved evac=11 supply=12
node unreadable
  refuse G4: get runtime for node 5: disk I/O error
no claim
  refuse G4: node Press 1: no active claim for release
not a two-robot mode
  refuse G4: node Press 1: release-staged requires a two-robot swap mode, got "sequential"
no pair resolves
  refuse G4: node Press 1: no tracked orders to release
    log engine: release-staged REFUSED node=Press 1: no tracked orders to release (runtime staged=nil active=nil, task=false) — operator clicked and got nothing
slots inverted by the steps
  go finalize=false evac=11 supply=12
    log engine: release-staged node=Press 1: steps say the pair is inverted relative to the runtime slots - evac=11 supply=12 (slots said evac=12 supply=11)
    log engine: release-staged node=Press 1 resolved evac=11 supply=12
departing check unreadable
  refuse G4: node Press 1: departing-bin check: node Press 1: read claim 7: disk I/O error
    log engine: release-staged node=Press 1 resolved evac=11 supply=12
departing order unreadable
  refuse G4: node Press 1: read departing order 11: disk I/O error
    log engine: release-staged node=Press 1 resolved evac=11 supply=12
produce pair: finalize first
  go finalize=true evac=11 supply=12
    log engine: release-staged node=Press 1 resolved evac=11 supply=12
consume pair
  go finalize=false evac=11 supply=12
    log engine: release-staged node=Press 1 resolved evac=11 supply=12

## PlanChangeover — doors 5 and 6
changeover unreadable
  refuse: disk I/O error
sweep: unchanged, out of scope, pulled, unreadable, paired, evacuate, lone supply
  N-unchanged: in-scope=false needs-flip=false slots=[]
  N-other: in-scope=false needs-flip=false slots=[]
  N-pulled: in-scope=true needs-flip=true slots=[]
    log std: release changeover wait: node SYN-A skipped — the line is pulling from it, and a plant-wide sweep does not move the line on the operator's behalf
  N-unread: in-scope=true needs-flip=true slots=[]
    log std: release changeover wait node N-unread: disk I/O error — the sweep declines rather than releasing on an unread pull state
  N-paired: in-scope=true needs-flip=false slots=[evac=4,supply=5]
  N-tooling: in-scope=true needs-flip=false slots=[evac=6,supply=7]
  N-add: in-scope=true needs-flip=false slots=[supply=8]
  N-paired-done: in-scope=true needs-flip=false slots=[evac=9,supply=10]
node click on a pulled position: the trunk flips
  N-pulled: in-scope=true needs-flip=false slots=[evac=2]

## PlanMaterial — doors 3 and 4
node unreadable
  refuse G4: disk I/O error
qty 0
  refuse G4: qty must be at least 1
no claim
  refuse G4: node Press 1 has no active claim for release
no outbound destination
  refuse G4: node Press 1 has no outbound destination configured
curtain live
  refuse G6: Release the light curtain at SYN-PRESS, then press RELEASE again.
the first tap's order unreadable
  refuse G8: node Press 1: could not read the order already working this bin (disk I/O error)
a second tap while the first robot is coming (L8)
  refuse G8: node Press 1: a release for this bin is already on its way (order 41, dispatched)
go
  go

## PointOf — where a leg stands
staged at station wait 0
  ordinal=0 purpose="ready" at-wait=true driving=false has-wait=true lane=false no-waits=false
staged at station wait 1
  ordinal=1 purpose="tooling_done" at-wait=true driving=false has-wait=true lane=false no-waits=false
staged at a lane wait, nothing released
  ordinal=0 purpose="ready" at-wait=false driving=false has-wait=true lane=true no-waits=false
staged, Core numbers no waits, intent held for 1
  ordinal=1 purpose="tooling_done" at-wait=true driving=false has-wait=true lane=false no-waits=false
driving, released at 0
  ordinal=1 purpose="tooling_done" at-wait=false driving=true has-wait=true lane=false no-waits=false
driving past its last wait
  ordinal=2 purpose="" at-wait=false driving=true has-wait=false lane=false no-waits=false
dispatched, not yet at a wait
  ordinal=0 purpose="ready" at-wait=false driving=false has-wait=true lane=false no-waits=false
a plan with no station waits
  ordinal=0 purpose="" at-wait=true driving=false has-wait=false lane=false no-waits=true

## PlanAct — an act over its legs
pair: both at their swap wait, nothing to wait on
  purpose="swap"
  order 11: go lineside flip=false finalize=false suppress=false u1=false
  order 12: go lineside flip=false finalize=false suppress=true u1=false
pair: the supply sets down where the evac has not lifted (G7)
  purpose="swap"
  order 11: go lineside flip=false finalize=false suppress=false u1=false
  order 12: hold G7 wake=lift: waiting for the bin on SYN-PRESS to be lifted
pair: press-index, both staged, Core says they co-release
  purpose="swap"
  order 11: go lineside flip=false finalize=false suppress=false u1=false
  order 12: go lineside flip=false finalize=false suppress=true u1=false
pair: each waits on the other's lift (two-way)
  purpose="swap"
  order 11: hold G7 wake=lift: waiting for the bin on SYN-B to be lifted
  order 12: hold G7 wake=lift: waiting for the bin on SYN-PRESS to be lifted
  held: waiting for the bin on SYN-B to be lifted; waiting for the bin on SYN-PRESS to be lifted
pair: the supply driving to its swap wait: released ahead (the echo)
  purpose="swap"
  order 11: go lineside flip=false finalize=false suppress=false u1=false
  order 12: go lineside flip=false finalize=false suppress=true u1=false
pair: the supply not yet moving (G1, remembered)
  purpose="swap"
  order 11: go lineside flip=false finalize=false suppress=false u1=false
  order 12: hold G1 wake=staged: waiting for its robot to reach its wait
    log engine: deferred release: order supply (12) status="queued" is not releasable at Core (needs staged or in_transit) — skipping, will release when it stages
per-order click on a leg not yet moving (G1)
  purpose="swap"
  refuse G1: order 11 is queued, which Core will not release
pair: the evac at a lane wait (G2)
  purpose="swap"
  order 11: out G2
  order 12: go lineside flip=false finalize=false suppress=true u1=false
per-order click on a leg at a lane wait (G2)
  purpose="swap"
  refuse G2: order 11 is waiting on a lane, not on the station: Core releases it when the lane is safe
pair: Core unreachable (G3)
  purpose="swap"
  order 11: hold G3 wake=core: waiting for Core
  order 12: hold G3 wake=core: waiting for Core
  held: waiting for Core; waiting for Core
pair: a curtained node on the point (G6)
  purpose="swap"
  order 11: hold G6 wake=curtain: Release the light curtain at SYN-PRESS: the robot goes when it clears.
    log release: order=11 disposition="capture_lineside" - curtain held the release: Release the light curtain at SYN-PRESS, then press RELEASE again.
  order 12: go lineside flip=false finalize=false suppress=true u1=false
pair: a configuration refusal refuses the act (G4)
  purpose="swap"
  refuse G4: release order evac (11): get process node 5: disk I/O error
explicit ready on a swap wait: out of scope
  purpose="ready"
  order 11: out G1
no purpose named: the earliest owed (ready before tooling done)
  purpose="ready"
  order 11: go lineside flip=false finalize=false suppress=false u1=false
  order 12: out G1
a legacy wait with no purpose: covered
  purpose=""
  order 11: go lineside flip=false finalize=false suppress=false u1=false
no station waits: the pair door covers it
  purpose=""
  order 11: go lineside flip=false finalize=false suppress=false u1=false
no station waits: the sweep leaves it
  purpose=""
  order 11: out G1
terminal leg: out
  purpose=""
  order 11: out G1
re-evaluation: a leg at its intent's wait goes
  purpose=""
  order 12: go lineside flip=false finalize=false suppress=true u1=false
re-evaluation: a refusal holds for the next click
  purpose=""
  order 12: hold G4 wake=click: release order supply (12): get process node 5: disk I/O error
  held: release order supply (12): get process node 5: disk I/O error
